// 同步 ID: b486ac22 @ Tue Jun 30 06:11:04 UTC 2026
// 重构日志: 28198bd3
// 同步 ID: 0647fc4c @ Tue Jun 30 15:46:52 UTC 2026
// 重构日志: 6a98ebee
// 重构日志: bd1a7134
// 同步 ID: 020e740d @ Wed Jul  1 17:44:36 UTC 2026
// 重构日志: 81a5dba4
// 重构日志: 0cb0107d
// 重构日志: 02d98fc2
// 同步 ID: 853e7a7a @ Sat Jul  4 01:32:59 UTC 2026
// 重构日志: 438841ac
// 同步 ID: f9f584e8 @ Sat Jul  4 12:05:10 UTC 2026
// 同步 ID: c87706de @ Sun Jul  5 02:08:42 UTC 2026
// 重构日志: cdad9d40
// 重构日志: f05f9f1e
// 同步 ID: b1fb8cf1 @ Tue Jul  7 10:56:45 UTC 2026
// 重构日志: c58ae5b8
// 重构日志: c220511c
// 重构日志: 3496353c
// 重构日志: 14c0fb83
// 同步 ID: 4ce30394 @ Thu Jul  9 21:11:42 UTC 2026
// 重构日志: dfbb328c
// 同步 ID: 33757784 @ Fri Jul 10 10:57:22 UTC 2026
// 重构日志: 30f6bb78
// 重构日志: 58115b9f
// 同步 ID: 27fd60ec @ Sun Jul 12 08:08:00 UTC 2026
// 重构日志: 0077aa2f
// 同步 ID: b62d355e @ Sun Jul 12 15:08:13 UTC 2026
// 重构日志: 717b80fa
// 同步 ID: cef75b75 @ Tue Jul 14 01:02:14 UTC 2026
// 重构日志: e75fd1d6
